[2026-08-23 07:52:30.365] [INFO ] [Server thread       ] [Core           ] Detected server platform: PAPER (Adventure/MiniMessage enabled)
[2026-08-23 07:52:42.068] [INFO ] [Server thread       ] [Core           ] Enabling X-Prison v2026.3.3.0
════════════════════════════════════════════════════════════════
  X-Prison session start
════════════════════════════════════════════════════════════════
 X-Prison      : 2026.3.3.0
 Server        : 26.2-112-c9e894d (MC: 26.2)  (api 26.2.build.112-stable)
 Platform      : PAPER  folia=false
 Java          : 25.0.3 (Eclipse Adoptium) on Linux amd64
 Started       : 2026-08-23 07:52:42
════════════════════════════════════════════════════════════════

[2026-08-23 07:52:42.519] [INFO ] [Server thread       ] [Core           ] Loaded 27 global sell prices.
[2026-08-23 07:52:42.592] [INFO ] [Server thread       ] [Core           ] Registered X-Prison Currency: money
[2026-08-23 07:52:42.592] [INFO ] [Server thread       ] [Core           ] Registered X-Prison Currency: tokens
[2026-08-23 07:52:42.592] [INFO ] [Server thread       ] [Core           ] Registered X-Prison Currency: gems
[2026-08-23 07:52:42.614] [INFO ] [Server thread       ] [Core           ] Loaded 12 Block Rewards
[2026-08-23 07:52:42.657] [INFO ] [Server thread       ] [Core           ] Loaded Bomb: tiny
[2026-08-23 07:52:42.660] [INFO ] [Server thread       ] [Core           ] Loaded Bomb: small
[2026-08-23 07:52:42.665] [INFO ] [Server thread       ] [Core           ] Loaded Bomb: normal
[2026-08-23 07:52:42.667] [INFO ] [Server thread       ] [Core           ] Loaded Bomb: large
[2026-08-23 07:52:42.668] [INFO ] [Server thread       ] [Core           ] Loaded Bomb: mega
[2026-08-23 07:52:42.669] [INFO ] [Server thread       ] [Core           ] Loaded Bomb: colossal
[2026-08-23 07:52:42.671] [INFO ] [Server thread       ] [Core           ] Loaded Bomb: omega
[2026-08-23 07:52:42.673] [INFO ] [Server thread       ] [Core           ] Loaded Bomb: singularity
[2026-08-23 07:52:42.705] [INFO ] [Server thread       ] [Core           ] Using money currency for Ranks.
[2026-08-23 07:52:42.707] [INFO ] [Server thread       ] [Core           ] Loaded 10 Ranks.
[2026-08-23 07:52:42.729] [INFO ] [Server thread       ] [Core           ] Using money currency for Prestiges.
[2026-08-23 07:52:42.733] [INFO ] [Server thread       ] [Core           ] Loaded 11 Prestiges.
[2026-08-23 07:52:42.759] [INFO ] [Server thread       ] [Core           ] Loaded Rebirth 0
[2026-08-23 07:52:42.761] [INFO ] [Server thread       ] [Core           ] Loaded Rebirth 1
[2026-08-23 07:52:42.761] [INFO ] [Server thread       ] [Core           ] Loaded Rebirth 2
[2026-08-23 07:52:42.762] [INFO ] [Server thread       ] [Core           ] Loaded Rebirth 3
[2026-08-23 07:52:42.763] [INFO ] [Server thread       ] [Core           ] Loaded Rebirth 4
[2026-08-23 07:52:42.763] [INFO ] [Server thread       ] [Core           ] Loaded Rebirth 5
[2026-08-23 07:52:42.781] [INFO ] [helper-scheduler-0  ] [Core           ] Removed expired multipliers from DB.
[2026-08-23 07:52:42.808] [INFO ] [Server thread       ] [Core           ] Loaded 0 mines.
[2026-08-23 07:52:42.867] [INFO ] [Server thread       ] [Core           ] Enchant configuration for enchant efficiency loaded successfully.
[2026-08-23 07:52:42.868] [INFO ] [Server thread       ] [Core           ] Registered enchant Efficiency created by Drawethree
[2026-08-23 07:52:42.869] [INFO ] [Server thread       ] [Core           ] Enchant configuration for enchant keyfinder loaded successfully.
[2026-08-23 07:52:42.869] [INFO ] [Server thread       ] [Core           ] Registered enchant Key Finder created by Drawethree
[2026-08-23 07:52:42.875] [INFO ] [Server thread       ] [Core           ] Enchant configuration for enchant laser loaded successfully.
[2026-08-23 07:52:42.876] [INFO ] [Server thread       ] [Core           ] Registered enchant Laser created by Drawethree
[2026-08-23 07:52:42.877] [INFO ] [Server thread       ] [Core           ] Enchant configuration for enchant charity loaded successfully.
[2026-08-23 07:52:42.877] [INFO ] [Server thread       ] [Core           ] Registered enchant Charity created by Drawethree
[2026-08-23 07:52:42.878] [INFO ] [Server thread       ] [Core           ] Enchant configuration for enchant haste loaded successfully.
[2026-08-23 07:52:42.878] [INFO ] [Server thread       ] [Core           ] Registered enchant Haste created by Drawethree
[2026-08-23 07:52:42.888] [INFO ] [Server thread       ] [Core           ] Enchant configuration for enchant explosive loaded successfully.
[2026-08-23 07:52:42.890] [INFO ] [Server thread       ] [Core           ] Registered enchant Explosive created by Drawethree
[2026-08-23 07:52:42.891] [INFO ] [Server thread       ] [Core           ] Enchant configuration for enchant autosell loaded successfully.
[2026-08-23 07:52:42.892] [INFO ] [Server thread       ] [Core           ] Registered enchant Autosell created by Drawethree
[2026-08-23 07:52:42.893] [INFO ] [Server thread       ] [Core           ] Enchant configuration for enchant gemfinder loaded successfully.
[2026-08-23 07:52:42.894] [INFO ] [Server thread       ] [Core           ] Registered enchant Gem Finder created by Drawethree
[2026-08-23 07:52:42.895] [INFO ] [Server thread       ] [Core           ] Enchant configuration for enchant nightvision loaded successfully.
[2026-08-23 07:52:42.895] [INFO ] [Server thread       ] [Core           ] Registered enchant Night Vision created by Drawethree
[2026-08-23 07:52:42.897] [INFO ] [Server thread       ] [Core           ] Enchant configuration for enchant keyalls loaded successfully.
[2026-08-23 07:52:42.897] [INFO ] [Server thread       ] [Core           ] Registered enchant Keyalls created by Drawethree
[2026-08-23 07:52:42.898] [INFO ] [Server thread       ] [Core           ] Enchant configuration for enchant tokenmerchant loaded successfully.
[2026-08-23 07:52:42.900] [INFO ] [Server thread       ] [Core           ] Registered enchant Token Merchant created by Drawethree
[2026-08-23 07:52:42.902] [INFO ] [Server thread       ] [Core           ] Enchant configuration for enchant fortune loaded successfully.
[2026-08-23 07:52:42.904] [INFO ] [Server thread       ] [Core           ] Registered enchant Fortune created by Drawethree
[2026-08-23 07:52:42.905] [INFO ] [Server thread       ] [Core           ] Enchant configuration for enchant nuke loaded successfully.
[2026-08-23 07:52:42.905] [INFO ] [Server thread       ] [Core           ] Registered enchant Nuke created by Drawethree
[2026-08-23 07:52:42.906] [INFO ] [Server thread       ] [Core           ] Enchant configuration for enchant blessing loaded successfully.
[2026-08-23 07:52:42.906] [INFO ] [Server thread       ] [Core           ] Registered enchant Blessing created by Drawethree
[2026-08-23 07:52:42.908] [INFO ] [Server thread       ] [Core           ] Enchant configuration for enchant blockbooster loaded successfully.
[2026-08-23 07:52:42.909] [INFO ] [Server thread       ] [Core           ] Registered enchant Block Booster created by Drawethree
[2026-08-23 07:52:42.909] [INFO ] [Server thread       ] [Core           ] Enchant configuration for enchant tokenfinder loaded successfully.
[2026-08-23 07:52:42.910] [INFO ] [Server thread       ] [Core           ] Registered enchant Token Finder created by Drawethree
[2026-08-23 07:52:42.910] [INFO ] [Server thread       ] [Core           ] Enchant configuration for enchant jumpboost loaded successfully.
[2026-08-23 07:52:42.910] [INFO ] [Server thread       ] [Core           ] Registered enchant Jump Boost created by Drawethree
[2026-08-23 07:52:42.911] [INFO ] [Server thread       ] [Core           ] Enchant configuration for enchant fly loaded successfully.
[2026-08-23 07:52:42.911] [INFO ] [Server thread       ] [Core           ] Registered enchant Fly created by Drawethree
[2026-08-23 07:52:42.912] [INFO ] [Server thread       ] [Core           ] Enchant configuration for enchant unbreaking loaded successfully.
[2026-08-23 07:52:42.912] [INFO ] [Server thread       ] [Core           ] Registered enchant Unbreaking created by Drawethree
[2026-08-23 07:52:42.914] [INFO ] [Server thread       ] [Core           ] Enchant configuration for enchant layer loaded successfully.
[2026-08-23 07:52:42.918] [INFO ] [Server thread       ] [Core           ] Registered enchant Layer created by Drawethree
[2026-08-23 07:52:42.919] [INFO ] [Server thread       ] [Core           ] Enchant configuration for enchant speed loaded successfully.
[2026-08-23 07:52:42.920] [INFO ] [Server thread       ] [Core           ] Registered enchant Speed created by Drawethree
[2026-08-23 07:52:42.920] [INFO ] [Server thread       ] [Core           ] Enchant configuration for enchant gang-value-finder loaded successfully.
[2026-08-23 07:52:42.921] [INFO ] [Server thread       ] [Core           ] Registered enchant Gang Value Finder created by Drawethree
[2026-08-23 07:52:42.921] [INFO ] [Server thread       ] [Core           ] Enchant configuration for enchant prestigefinder loaded successfully.
[2026-08-23 07:52:42.921] [INFO ] [Server thread       ] [Core           ] Registered enchant Prestige Finder created by Drawethree
[2026-08-23 07:52:42.922] [INFO ] [Server thread       ] [Core           ] Enchant configuration for enchant gemmerchant loaded successfully.
[2026-08-23 07:52:42.922] [INFO ] [Server thread       ] [Core           ] Registered enchant Gem Merchant created by Drawethree
[2026-08-23 07:52:42.924] [INFO ] [Server thread       ] [Core           ] Enchant configuration for enchant custom-enchant-1 loaded successfully.
[2026-08-23 07:52:42.924] [INFO ] [Server thread       ] [Core           ] Registered enchant Your Custom Enchant created by Drawethree
[2026-08-23 07:52:42.925] [INFO ] [Server thread       ] [Core           ] Enchant configuration for enchant salary loaded successfully.
[2026-08-23 07:52:42.925] [INFO ] [Server thread       ] [Core           ] Registered enchant Salary created by Drawethree
[2026-08-23 07:52:42.925] [INFO ] [Server thread       ] [Core           ] Loaded 26 enchantments.
[2026-08-23 07:52:42.988] [WARN ] [Server thread       ] [Core           ] There is no such region named automine in world world!
[2026-08-23 07:52:43.021] [INFO ] [Server thread       ] [Core           ] Loaded 300 Pickaxe Levels.
[2026-08-23 07:52:43.031] [INFO ] [Server thread       ] [Core           ] Loaded pickaxe skin Plasma-Schub
[2026-08-23 07:52:43.038] [INFO ] [Server thread       ] [Core           ] Loaded 10 Pickaxe Quality tiers.
[2026-08-23 07:52:43.067] [INFO ] [helper-scheduler-0  ] [Core           ] History cleanup: removed entries older than 30 days.
[2026-08-23 07:52:43.087] [INFO ] [Server thread       ] [Core           ] Loaded Battle Pass season season-1 with 20 tiers.
[2026-08-23 07:52:43.117] [INFO ] [Server thread       ] [Core           ] Loaded 18 quests (9 daily, 5 weekly, 4 permanent).
[2026-08-23 07:52:43.138] [INFO ] [Server thread       ] [Core           ] Loaded Daily Rewards: 14 cycle days, 6 milestones.
[2026-08-23 07:52:43.151] [INFO ] [Server thread       ] [Core           ] Enabled 20/20 modules: Auto Sell, Currencies, Blocks, Bombs, Ranks, Prestiges, Rebirths, Multipliers, Mines, Enchants, Auto Miner, Gangs, Pickaxe Levels, Pickaxe Skins, Pickaxe Quality, History, Mining Stats, BattlePass, Quests, DailyRewards
[2026-08-23 07:52:43.171] [WARN ] [Server thread       ] [Core           ] Skipping X-PrivateMines-Dashboard-1.0.4.jar: no X-Prison-Addon-Class attribute in manifest.
[2026-08-23 07:52:43.202] [INFO ] [Server thread       ] [Core           ] Registered enchant Meteor Strike created by Drawethree
[2026-08-23 07:52:43.205] [INFO ] [Server thread       ] [Core           ] Registered enchant Black Hole created by Drawethree
[2026-08-23 07:52:43.210] [INFO ] [Server thread       ] [Core           ] Registered enchant Lightning Storm created by Drawethree
[2026-08-23 07:52:43.215] [INFO ] [Server thread       ] [Core           ] Registered enchant Tornado created by Drawethree
[2026-08-23 07:52:43.215] [INFO ] [Server thread       ] [Addon:AnimatedEnchants] Animated Enchants enabled — registered 4/4 enchants.
[2026-08-23 07:52:43.216] [INFO ] [Server thread       ] [Core           ] Loaded addon: AnimatedEnchants v1.4.0 by Drawethree
[2026-08-23 07:52:43.250] [INFO ] [Server thread       ] [Core           ] Registered enchant Divine Smite created by Drawethree
[2026-08-23 07:52:43.254] [INFO ] [Server thread       ] [Core           ] Registered enchant Soul Harvest created by Drawethree
[2026-08-23 07:52:43.256] [INFO ] [Server thread       ] [Core           ] Registered enchant Arcane Nova created by Drawethree
[2026-08-23 07:52:43.257] [INFO ] [Server thread       ] [Core           ] Registered enchant Starfall created by Drawethree
[2026-08-23 07:52:43.257] [INFO ] [Server thread       ] [Addon:AnimatedEnchants2] Animated Enchants 2 enabled — registered 4/4 enchants.
[2026-08-23 07:52:43.257] [INFO ] [Server thread       ] [Core           ] Loaded addon: AnimatedEnchants2 v1.4.0 by Drawethree
[2026-08-23 07:52:43.276] [INFO ] [Server thread       ] [Core           ] Registered enchant Frostbite created by Drawethree
[2026-08-23 07:52:43.277] [INFO ] [Server thread       ] [Core           ] Registered enchant Venom Bloom created by Drawethree
[2026-08-23 07:52:43.280] [INFO ] [Server thread       ] [Core           ] Registered enchant Gale Cutter created by Drawethree
[2026-08-23 07:52:43.281] [INFO ] [Server thread       ] [Core           ] Registered enchant Magma Surge created by Drawethree
[2026-08-23 07:52:43.281] [INFO ] [Server thread       ] [Addon:AnimatedEnchants3] Animated Enchants 3 enabled — registered 4/4 enchants.
[2026-08-23 07:52:43.283] [INFO ] [Server thread       ] [Core           ] Loaded addon: AnimatedEnchants3 v1.3.0 by Drawethree
[2026-08-23 07:52:43.286] [INFO ] [Server thread       ] [Core           ] Enchant configuration for enchant ascendant loaded successfully.
[2026-08-23 07:52:43.290] [INFO ] [Server thread       ] [Core           ] Registered enchant Ascendant created by Drawethree
[2026-08-23 07:52:43.290] [INFO ] [Server thread       ] [Addon:Ascendant] Ascendant enabled — registered 1/1 enchants.
[2026-08-23 07:52:43.291] [INFO ] [Server thread       ] [Core           ] Loaded addon: Ascendant v1.1.0 by Drawethree
[2026-08-23 07:52:43.297] [INFO ] [Server thread       ] [Addon:BlackMarket] Enabling Black Market addon v1.1.0...
[2026-08-23 07:52:43.330] [INFO ] [Server thread       ] [Addon:BlackMarket] [BlackMarket] Loaded 13 market item(s).
[2026-08-23 07:52:43.351] [INFO ] [Server thread       ] [Addon:BlackMarket] [BlackMarket] Hooked into PlaceholderAPI.
[2026-08-23 07:52:43.352] [INFO ] [Server thread       ] [Addon:BlackMarket] Black Market addon enabled with 13 item(s) in the pool.
[2026-08-23 07:52:43.353] [INFO ] [Server thread       ] [Core           ] Loaded addon: BlackMarket v1.1.0 by Drawethree
[2026-08-23 07:52:43.360] [INFO ] [Server thread       ] [Core           ] Registered enchant Bomb Finder created by Drawethree
[2026-08-23 07:52:43.360] [INFO ] [Server thread       ] [Core           ] Loaded addon: BombFinderEnchant v1.1 by Drawethree
[2026-08-23 07:52:43.371] [INFO ] [Server thread       ] [Core           ] Registered enchant Cluster Bomb created by Drawethree
[2026-08-23 07:52:43.373] [INFO ] [Server thread       ] [Core           ] Loaded addon: ClusterBombEnchant v1.5 by Drawethree
[2026-08-23 07:52:44.720] [INFO ] [Server thread       ] [Addon:Dashboard] Dashboard started on port 8085 — navigate to http://<your-server-ip>:8085
[2026-08-23 07:52:44.721] [INFO ] [Server thread       ] [Core           ] Loaded addon: Dashboard v1.4.0 by Drawethree
[2026-08-23 07:52:44.725] [INFO ] [Server thread       ] [Core           ] Registered enchant Drill created by Drawethree
[2026-08-23 07:52:44.725] [INFO ] [Server thread       ] [Core           ] Loaded addon: DrillEnchant v1.4 by Drawethree
[2026-08-23 07:52:44.732] [INFO ] [Server thread       ] [Core           ] Registered enchant Echo Booster created by Drawethree
[2026-08-23 07:52:44.733] [INFO ] [Server thread       ] [Core           ] Loaded addon: EchoBoosterEnchant v1.2 by Drawethree
[2026-08-23 07:52:44.739] [INFO ] [Server thread       ] [Addon:Events   ] Enabling Events addon v1.0.2...
[2026-08-23 07:52:44.774] [INFO ] [Server thread       ] [Addon:Events   ] [Events] Loaded 6 event(s).
[2026-08-23 07:52:44.794] [INFO ] [Server thread       ] [Addon:Events   ] Hooked into PlaceholderAPI.
[2026-08-23 07:52:44.794] [INFO ] [Server thread       ] [Addon:Events   ] Events addon enabled with 6 event(s).
[2026-08-23 07:52:44.795] [INFO ] [Server thread       ] [Core           ] Loaded addon: Events v1.0.2 by Drawethree
[2026-08-23 07:52:44.802] [INFO ] [Server thread       ] [Core           ] Registered enchant Lucky Block created by Drawethree
[2026-08-23 07:52:44.802] [INFO ] [Server thread       ] [Core           ] Loaded addon: LuckyBlockEnchant v1.5 by Drawethree
[2026-08-23 07:52:44.805] [INFO ] [Server thread       ] [Addon:Momentum ] Enabling Momentum addon v1.0.2...
[2026-08-23 07:52:44.830] [INFO ] [Server thread       ] [Addon:Momentum ] [Momentum] Hooked into PlaceholderAPI.
[2026-08-23 07:52:44.830] [INFO ] [Server thread       ] [Addon:Momentum ] Momentum addon enabled with 5 tier(s).
[2026-08-23 07:52:44.830] [INFO ] [Server thread       ] [Core           ] Loaded addon: Momentum v1.0.2 by Drawethree
[2026-08-23 07:52:44.836] [INFO ] [Server thread       ] [Core           ] Registered enchant Pet Finder created by Drawethree
[2026-08-23 07:52:44.836] [INFO ] [Server thread       ] [Core           ] Loaded addon: PetFinderEnchant v1.0 by Drawethree
[2026-08-23 07:52:44.874] [INFO ] [Server thread       ] [Addon:Pets     ] [Pets] Loaded 6 rarit(ies).
[2026-08-23 07:52:44.889] [INFO ] [Server thread       ] [Addon:Pets     ] [Pets] Loaded 5 pet type(s).
[2026-08-23 07:52:44.894] [INFO ] [Server thread       ] [Addon:Pets     ] [Pets] Loaded 3 egg type(s).
[2026-08-23 07:52:45.184] [INFO ] [Server thread       ] [Addon:Pets     ] [Pets] Built 5 pet icon(s) in 0ms.
[2026-08-23 07:52:45.187] [INFO ] [Server thread       ] [Addon:Pets     ] [Pets] Configuration validated — no problems found.
[2026-08-23 07:52:45.187] [INFO ] [Server thread       ] [Addon:Pets     ] Pets addon enabled. Pet types: 5
[2026-08-23 07:52:45.187] [INFO ] [Server thread       ] [Core           ] Loaded addon: Pets v1.3.0 by Drawethree
[2026-08-23 07:52:45.193] [INFO ] [Server thread       ] [Core           ] Registered enchant Robot Finder created by Drawethree
[2026-08-23 07:52:45.193] [INFO ] [Server thread       ] [Core           ] Loaded addon: RobotFinderEnchant v1.2 by Drawethree
[2026-08-23 07:52:45.196] [INFO ] [Server thread       ] [Core           ] Enchant configuration for enchant vanguard loaded successfully.
[2026-08-23 07:52:45.196] [INFO ] [Server thread       ] [Core           ] Registered enchant Vanguard created by Drawethree
[2026-08-23 07:52:45.197] [INFO ] [Server thread       ] [Addon:Vanguard ] Vanguard enabled — registered 1/1 enchants.
[2026-08-23 07:52:45.197] [INFO ] [Server thread       ] [Core           ] Loaded addon: Vanguard v1.1.0 by Drawethree
[2026-08-23 07:52:45.199] [INFO ] [Server thread       ] [Core           ] Registered enchant Voucher Finder created by Drawethree
[2026-08-23 07:52:45.199] [INFO ] [Server thread       ] [Core           ] Loaded addon: VoucherFinderEnchant v1.2 by Drawethree
[2026-08-23 07:52:45.199] [INFO ] [Server thread       ] [Core           ] Loaded 18 addons.

════════════════════════════════════════════════════════════════
  X-Prison ready
════════════════════════════════════════════════════════════════
 Text renderer : adventure
 Database      : H2
 Debug         : mode=false  sql=false
 Modules       : 20/20 enabled
 Addons        : 18
════════════════════════════════════════════════════════════════

[2026-08-23 07:52:52.978] [INFO ] [Craft Scheduler Thre] [Addon:Dashboard] Player index backfilled: 1 / 1 players.
[2026-08-23 07:52:53.188] [INFO ] [Server thread       ] [Core           ] Custom-content reload detected. Reloading autosell global / region data.
[2026-08-23 07:52:53.191] [INFO ] [Server thread       ] [Core           ] Loaded 27 global sell prices.
[2026-08-23 07:52:53.191] [INFO ] [Server thread       ] [Core           ] Custom-content reload detected. Reloading mines.
[2026-08-23 07:52:53.191] [INFO ] [Server thread       ] [Core           ] Loaded 0 mines.
[2026-08-23 08:52:43.063] [INFO ] [helper-scheduler-1  ] [Core           ] History cleanup: removed entries older than 30 days.
[2026-08-23 09:52:43.064] [INFO ] [helper-scheduler-1  ] [Core           ] History cleanup: removed entries older than 30 days.
[2026-08-23 10:02:16.300] [INFO ] [Server thread       ] [Core           ] Disabling X-Prison v2026.3.3.0
[2026-08-23 10:02:16.308] [INFO ] [Server thread       ] [Core           ] Saved all currencies data to DB
[2026-08-23 10:02:16.310] [INFO ] [Server thread       ] [Core           ] Blocks Broken saved.
[2026-08-23 10:02:16.312] [INFO ] [Server thread       ] [Core           ] Ranks saved.
[2026-08-23 10:02:16.315] [INFO ] [Server thread       ] [Core           ] Prestiges saved.
[2026-08-23 10:02:16.316] [INFO ] [Server thread       ] [Core           ] Rebirths saved.
[2026-08-23 10:02:16.318] [INFO ] [Server thread       ] [Core           ] Saved global multipliers to DB
[2026-08-23 10:02:16.318] [INFO ] [Server thread       ] [Core           ] Saved all player multipliers to DB
[2026-08-23 10:02:16.322] [INFO ] [Server thread       ] [Core           ] Saved online players auto miner data.
[2026-08-23 10:02:16.323] [INFO ] [Server thread       ] [Core           ] Gangs saved.
[2026-08-23 10:02:16.353] [INFO ] [Server thread       ] [Core           ] Database Connection closed
[2026-08-23 10:02:16.354] [INFO ] [Server thread       ] [Core           ] Unregistered enchant Voucher Finder created by Drawethree
[2026-08-23 10:02:16.354] [INFO ] [Server thread       ] [Core           ] Unregistered enchant Vanguard created by Drawethree
[2026-08-23 10:02:16.354] [INFO ] [Server thread       ] [Core           ] Unregistered enchant Robot Finder created by Drawethree
[2026-08-23 10:02:16.358] [INFO ] [Server thread       ] [Addon:Pets     ] Pets addon disabled.
[2026-08-23 10:02:16.358] [INFO ] [Server thread       ] [Core           ] Unregistered enchant Pet Finder created by Drawethree
[2026-08-23 10:02:16.360] [INFO ] [Server thread       ] [Addon:Momentum ] Momentum addon disabled.
[2026-08-23 10:02:16.360] [INFO ] [Server thread       ] [Core           ] Unregistered enchant Lucky Block created by Drawethree
[2026-08-23 10:02:16.361] [INFO ] [Server thread       ] [Addon:Events   ] Events addon disabled.
[2026-08-23 10:02:16.361] [INFO ] [Server thread       ] [Core           ] Unregistered enchant Echo Booster created by Drawethree
[2026-08-23 10:02:16.362] [INFO ] [Server thread       ] [Core           ] Unregistered enchant Drill created by Drawethree
[2026-08-23 10:02:16.368] [INFO ] [Server thread       ] [Addon:Dashboard] Dashboard stopped.
[2026-08-23 10:02:16.368] [INFO ] [Server thread       ] [Core           ] Unregistered enchant Cluster Bomb created by Drawethree
[2026-08-23 10:02:16.368] [INFO ] [Server thread       ] [Core           ] Unregistered enchant Bomb Finder created by Drawethree
[2026-08-23 10:02:16.370] [INFO ] [Server thread       ] [Addon:BlackMarket] Black Market addon disabled.
[2026-08-23 10:02:16.370] [INFO ] [Server thread       ] [Core           ] Unregistered enchant Ascendant created by Drawethree
[2026-08-23 10:02:16.370] [INFO ] [Server thread       ] [Core           ] Unregistered enchant Frostbite created by Drawethree
[2026-08-23 10:02:16.370] [INFO ] [Server thread       ] [Core           ] Unregistered enchant Venom Bloom created by Drawethree
[2026-08-23 10:02:16.370] [INFO ] [Server thread       ] [Core           ] Unregistered enchant Gale Cutter created by Drawethree
[2026-08-23 10:02:16.370] [INFO ] [Server thread       ] [Core           ] Unregistered enchant Magma Surge created by Drawethree
[2026-08-23 10:02:16.370] [INFO ] [Server thread       ] [Core           ] Unregistered enchant Divine Smite created by Drawethree
[2026-08-23 10:02:16.370] [INFO ] [Server thread       ] [Core           ] Unregistered enchant Soul Harvest created by Drawethree
[2026-08-23 10:02:16.370] [INFO ] [Server thread       ] [Core           ] Unregistered enchant Arcane Nova created by Drawethree
[2026-08-23 10:02:16.370] [INFO ] [Server thread       ] [Core           ] Unregistered enchant Starfall created by Drawethree
[2026-08-23 10:02:16.370] [INFO ] [Server thread       ] [Core           ] Unregistered enchant Meteor Strike created by Drawethree
[2026-08-23 10:02:16.370] [INFO ] [Server thread       ] [Core           ] Unregistered enchant Black Hole created by Drawethree
[2026-08-23 10:02:16.371] [INFO ] [Server thread       ] [Core           ] Unregistered enchant Lightning Storm created by Drawethree
[2026-08-23 10:02:16.371] [INFO ] [Server thread       ] [Core           ] Unregistered enchant Tornado created by Drawethree
