[00:00:31] [Server thread/INFO]: [Festas] Nicht sicher was du tun kannst? Tippe /help für eine Übersicht!
[00:10:31] [Server thread/INFO]: [Festas] Nicht sicher was du tun kannst? Tippe /help für eine Übersicht!
[00:20:31] [Server thread/INFO]: [Festas] Nicht sicher was du tun kannst? Tippe /help für eine Übersicht!
[00:30:31] [Server thread/INFO]: [Festas] Nicht sicher was du tun kannst? Tippe /help für eine Übersicht!
[00:40:31] [Server thread/INFO]: [Festas] Nicht sicher was du tun kannst? Tippe /help für eine Übersicht!
[00:41:36] [CMI-Thread-4/INFO]: [CMI] SQLite 3.49.1 data base type detected
[00:41:36] [CMI-Thread-5/INFO]: [CMI] Start Back up
[00:41:36] [CMI-Thread-5/INFO]: [CMI] Copied playtimereward data
[00:41:36] [CMI-Thread-5/INFO]: [CMI] Copied users data
[00:41:36] [CMI-Thread-5/INFO]: [CMI] Finish Back up copy process
[00:41:36] [CMI-Thread-6/INFO]: [CMI] Backup compacted: 2026-08-22_00-41-36_cmi.sqlite.db.zip
[00:41:36] [CMI-Thread-6/INFO]: [CMI] Removed temporary file
[00:41:36] [CMI-Thread-6/INFO]: [CMI] Deleted old backup: 2026-07-30_05-28-38_cmi.sqlite.db.zip
[00:50:31] [Server thread/INFO]: [Festas] Nicht sicher was du tun kannst? Tippe /help für eine Übersicht!
[00:59:23] [Server thread/INFO]: luckysystems (/71.227.205.95:41172) lost connection: Disconnected
[01:00:31] [Server thread/INFO]: [Festas] Nicht sicher was du tun kannst? Tippe /help für eine Übersicht!
[01:10:31] [Server thread/INFO]: [Festas] Nicht sicher was du tun kannst? Tippe /help für eine Übersicht!
[01:20:31] [Server thread/INFO]: [Festas] Nicht sicher was du tun kannst? Tippe /help für eine Übersicht!
[01:30:31] [Server thread/INFO]: [Festas] Nicht sicher was du tun kannst? Tippe /help für eine Übersicht!
[01:40:31] [Server thread/INFO]: [Festas] Nicht sicher was du tun kannst? Tippe /help für eine Übersicht!
[01:50:31] [Server thread/INFO]: [Festas] Nicht sicher was du tun kannst? Tippe /help für eine Übersicht!
[02:00:31] [Server thread/INFO]: [Festas] Nicht sicher was du tun kannst? Tippe /help für eine Übersicht!
[02:10:31] [Server thread/INFO]: [Festas] Nicht sicher was du tun kannst? Tippe /help für eine Übersicht!
[02:20:31] [Server thread/INFO]: [Festas] Nicht sicher was du tun kannst? Tippe /help für eine Übersicht!
[02:30:31] [Server thread/INFO]: [Festas] Nicht sicher was du tun kannst? Tippe /help für eine Übersicht!
[02:40:31] [Server thread/INFO]: [Festas] Nicht sicher was du tun kannst? Tippe /help für eine Übersicht!
[02:50:31] [Server thread/INFO]: [Festas] Nicht sicher was du tun kannst? Tippe /help für eine Übersicht!
[03:00:31] [Server thread/INFO]: [Festas] Nicht sicher was du tun kannst? Tippe /help für eine Übersicht!
[03:10:31] [Server thread/INFO]: [Festas] Nicht sicher was du tun kannst? Tippe /help für eine Übersicht!
[03:20:31] [Server thread/INFO]: [Festas] Nicht sicher was du tun kannst? Tippe /help für eine Übersicht!
